[2026-05-25 11:30:12] local.ERROR: Call to undefined method ReflectionFunction::isAnonymous() {"exception":"[object] (Error(code: 0): Call to undefined method ReflectionFunction::isAnonymous() at C:/Users/bulan/OneDrive - UTHM/SEM 2/INTEGRATED SYSTEM/TarbiahSentap/Tarbiah-Sentap/vendor/laravel/framework/src/Illuminate/Container/Container.php:817)
[stacktrace]
#0 C:/Users/bulan/OneDrive - UTHM/SEM 2/INTEGRATED SYSTEM/TarbiahSentap/Tarbiah-Sentap/vendor/laravel/framework/src/Illuminate/Container/Container.php(789): Illuminate/Container/Container->getClassForCallable(Array)
#1 C:/Users/bulan/OneDrive - UTHM/SEM 2/INTEGRATED SYSTEM/TarbiahSentap/Tarbiah-Sentap/vendor/laravel/framework/src/Illuminate/Foundation/Application.php(1151): Illuminate/Container/Container->call(Array)
#2 C:/Users/bulan/OneDrive - UTHM/SEM 2/INTEGRATED SYSTEM/TarbiahSentap/Tarbiah-Sentap/vendor/laravel/framework/src/Illuminate/Foundation/Application.php(1132): Illuminate/Foundation/Application->bootProvider(Object(Illuminate/Log/Context/ContextServiceProvider))
#3 [internal function]: Illuminate/Foundation/Application->Illuminate/Foundation/{closure}(Object(Illuminate/Log/Context/ContextServiceProvider), 'Illuminate//Log//...')
#4 C:/Users/bulan/OneDrive - UTHM/SEM 2/INTEGRATED SYSTEM/TarbiahSentap/Tarbiah-Sentap/vendor/laravel/framework/src/Illuminate/Foundation/Application.php(1133): array_walk(Array, Object(Closure))
#5 C:/Users/bulan/OneDrive - UTHM/SEM 2/INTEGRATED SYSTEM/TarbiahSentap/Tarbiah-Sentap/vendor/laravel/framework/src/Illuminate/Foundation/Bootstrap/BootProviders.php(17): Illuminate/Foundation/Application->boot()
#6 C:/Users/bulan/OneDrive - UTHM/SEM 2/INTEGRATED SYSTEM/TarbiahSentap/Tarbiah-Sentap/vendor/laravel/framework/src/Illuminate/Foundation/Application.php(342): Illuminate/Foundation/Bootstrap/BootProviders->bootstrap(Object(Illuminate/Foundation/Application))
#7 C:/Users/bulan/OneDrive - UTHM/SEM 2/INTEGRATED SYSTEM/TarbiahSentap/Tarbiah-Sentap/vendor/laravel/framework/src/Illuminate/Foundation/Console/Kernel.php(494): Illuminate/Foundation/Application->bootstrapWith(Array)
#8 C:/Users/bulan/OneDrive - UTHM/SEM 2/INTEGRATED SYSTEM/TarbiahSentap/Tarbiah-Sentap/vendor/laravel/framework/src/Illuminate/Foundation/Console/Kernel.php(196): Illuminate/Foundation/Console/Kernel->bootstrap()
#9 C:/Users/bulan/OneDrive - UTHM/SEM 2/INTEGRATED SYSTEM/TarbiahSentap/Tarbiah-Sentap/vendor/laravel/framework/src/Illuminate/Foundation/Application.php(1237): Illuminate/Foundation/Console/Kernel->handle(Object(Symfony/Component/Console/Input/ArgvInput), Object(Symfony/Component/Console/Output/ConsoleOutput))
#10 C:/Users/bulan/OneDrive - UTHM/SEM 2/INTEGRATED SYSTEM/TarbiahSentap/Tarbiah-Sentap/artisan(16): Illuminate/Foundation/Application->handleCommand(Object(Symfony/Component/Console/Input/ArgvInput))
#11 {main}
"} 
[2026-05-25 11:30:12] local.ERROR: Call to undefined method ReflectionFunction::isAnonymous() {"exception":"[object] (Error(code: 0): Call to undefined method ReflectionFunction::isAnonymous() at C:/Users/bulan/OneDrive - UTHM/SEM 2/INTEGRATED SYSTEM/TarbiahSentap/Tarbiah-Sentap/vendor/laravel/framework/src/Illuminate/Container/Container.php:817)
[stacktrace]
#0 C:/Users/bulan/OneDrive - UTHM/SEM 2/INTEGRATED SYSTEM/TarbiahSentap/Tarbiah-Sentap/vendor/laravel/framework/src/Illuminate/Container/Container.php(789): Illuminate/Container/Container->getClassForCallable(Object(Closure))
#1 C:/Users/bulan/OneDrive - UTHM/SEM 2/INTEGRATED SYSTEM/TarbiahSentap/Tarbiah-Sentap/vendor/laravel/framework/src/Illuminate/Foundation/Application.php(1466): Illuminate/Container/Container->call(Object(Closure))
#2 C:/Users/bulan/OneDrive - UTHM/SEM 2/INTEGRATED SYSTEM/TarbiahSentap/Tarbiah-Sentap/vendor/laravel/framework/src/Illuminate/Foundation/Console/Kernel.php(219): Illuminate/Foundation/Application->terminate()
#3 C:/Users/bulan/OneDrive - UTHM/SEM 2/INTEGRATED SYSTEM/TarbiahSentap/Tarbiah-Sentap/vendor/laravel/framework/src/Illuminate/Foundation/Application.php(1240): Illuminate/Foundation/Console/Kernel->terminate(Object(Symfony/Component/Console/Input/ArgvInput), 1)
#4 C:/Users/bulan/OneDrive - UTHM/SEM 2/INTEGRATED SYSTEM/TarbiahSentap/Tarbiah-Sentap/artisan(16): Illuminate/Foundation/Application->handleCommand(Object(Symfony/Component/Console/Input/ArgvInput))
#5 {main}
"} 
[2026-05-25 12:47:36] local.ERROR: could not find driver (Connection: sqlite, Database: C:\Users\bulan\OneDrive - UTHM\SEM 2\INTEGRATED SYSTEM\TarbiahSentap\Tarbiah-Sentap\database\database.sqlite, SQL: select exists (select 1 from "main".sqlite_master where name = 'migrations' and type = 'table') as "exists") {"exception":"[object] (Illuminate\\Database\\QueryException(code: 0): could not find driver (Connection: sqlite, Database: C:\\Users\\bulan\\OneDrive - UTHM\\SEM 2\\INTEGRATED SYSTEM\\TarbiahSentap\\Tarbiah-Sentap\\database\\database.sqlite, SQL: select exists (select 1 from \"main\".sqlite_master where name = 'migrations' and type = 'table') as \"exists\") at C:/Users/bulan/OneDrive - UTHM/SEM 2/INTEGRATED SYSTEM/TarbiahSentap/Tarbiah-Sentap/vendor/laravel/framework/src/Illuminate/Database/Connection.php:841)
[stacktrace]
#0 C:/Users/bulan/OneDrive - UTHM/SEM 2/INTEGRATED SYSTEM/TarbiahSentap/Tarbiah-Sentap/vendor/laravel/framework/src/Illuminate/Database/Connection.php(797): Illuminate/Database/Connection->runQueryCallback('select exists (...', Array, Object(Closure))
#1 C:/Users/bulan/OneDrive - UTHM/SEM 2/INTEGRATED SYSTEM/TarbiahSentap/Tarbiah-Sentap/vendor/laravel/framework/src/Illuminate/Database/Connection.php(412): Illuminate/Database/Connection->run('select exists (...', Array, Object(Closure))
#2 C:/Users/bulan/OneDrive - UTHM/SEM 2/INTEGRATED SYSTEM/TarbiahSentap/Tarbiah-Sentap/vendor/laravel/framework/src/Illuminate/Database/Connection.php(357): Illuminate/Database/Connection->select('select exists (...', Array, true)
#3 C:/Users/bulan/OneDrive - UTHM/SEM 2/INTEGRATED SYSTEM/TarbiahSentap/Tarbiah-Sentap/vendor/laravel/framework/src/Illuminate/Database/Connection.php(374): Illuminate/Database/Connection->selectOne('select exists (...', Array, true)
#4 C:/Users/bulan/OneDrive - UTHM/SEM 2/INTEGRATED SYSTEM/TarbiahSentap/Tarbiah-Sentap/vendor/laravel/framework/src/Illuminate/Database/Schema/Builder.php(176): Illuminate/Database/Connection->scalar('select exists (...')
#5 C:/Users/bulan/OneDrive - UTHM/SEM 2/INTEGRATED SYSTEM/TarbiahSentap/Tarbiah-Sentap/vendor/laravel/framework/src/Illuminate/Database/Migrations/DatabaseMigrationRepository.php(185): Illuminate/Database/Schema/Builder->hasTable('migrations')
#6 C:/Users/bulan/OneDrive - UTHM/SEM 2/INTEGRATED SYSTEM/TarbiahSentap/Tarbiah-Sentap/vendor/laravel/framework/src/Illuminate/Database/Migrations/Migrator.php(758): Illuminate/Database/Migrations/DatabaseMigrationRepository->repositoryExists()
#7 C:/Users/bulan/OneDrive - UTHM/SEM 2/INTEGRATED SYSTEM/TarbiahSentap/Tarbiah-Sentap/vendor/laravel/framework/src/Illuminate/Database/Console/Migrations/MigrateCommand.php(166): Illuminate/Database/Migrations/Migrator->repositoryExists()
#8 C:/Users/bulan/OneDrive - UTHM/SEM 2/INTEGRATED SYSTEM/TarbiahSentap/Tarbiah-Sentap/vendor/laravel/framework/src/Illuminate/Support/helpers.php(328): Illuminate/Database/Console/Migrations/MigrateCommand->{closure:Illuminate/Database/Console/Migrations/MigrateCommand::repositoryExists():166}(1)
#9 C:/Users/bulan/OneDrive - UTHM/SEM 2/INTEGRATED SYSTEM/TarbiahSentap/Tarbiah-Sentap/vendor/laravel/framework/src/Illuminate/Database/Console/Migrations/MigrateCommand.php(166): retry(1, Object(Closure), 0, Object(Closure))
#10 C:/Users/bulan/OneDrive - UTHM/SEM 2/INTEGRATED SYSTEM/TarbiahSentap/Tarbiah-Sentap/vendor/laravel/framework/src/Illuminate/Database/Console/Migrations/MigrateCommand.php(142): Illuminate/Database/Console/Migrations/MigrateCommand->repositoryExists()
#11 C:/Users/bulan/OneDrive - UTHM/SEM 2/INTEGRATED SYSTEM/TarbiahSentap/Tarbiah-Sentap/vendor/laravel/framework/src/Illuminate/Database/Console/Migrations/MigrateCommand.php(112): Illuminate/Database/Console/Migrations/MigrateCommand->prepareDatabase()
#12 C:/Users/bulan/OneDrive - UTHM/SEM 2/INTEGRATED SYSTEM/TarbiahSentap/Tarbiah-Sentap/vendor/laravel/framework/src/Illuminate/Database/Migrations/Migrator.php(671): Illuminate/Database/Console/Migrations/MigrateCommand->{closure:Illuminate/Database/Console/Migrations/MigrateCommand::runMigrations():111}()
#13 C:/Users/bulan/OneDrive - UTHM/SEM 2/INTEGRATED SYSTEM/TarbiahSentap/Tarbiah-Sentap/vendor/laravel/framework/src/Illuminate/Database/Console/Migrations/MigrateCommand.php(111): Illuminate/Database/Migrations/Migrator->usingConnection(NULL, Object(Closure))
#14 C:/Users/bulan/OneDrive - UTHM/SEM 2/INTEGRATED SYSTEM/TarbiahSentap/Tarbiah-Sentap/vendor/laravel/framework/src/Illuminate/Database/Console/Migrations/MigrateCommand.php(90): Illuminate/Database/Console/Migrations/MigrateCommand->runMigrations()
#15 C:/Users/bulan/OneDrive - UTHM/SEM 2/INTEGRATED SYSTEM/TarbiahSentap/Tarbiah-Sentap/vendor/laravel/framework/src/Illuminate/Container/BoundMethod.php(36): Illuminate/Database/Console/Migrations/MigrateCommand->handle()
#16 C:/Users/bulan/OneDrive - UTHM/SEM 2/INTEGRATED SYSTEM/TarbiahSentap/Tarbiah-Sentap/vendor/laravel/framework/src/Illuminate/Container/Util.php(43): Illuminate/Container/BoundMethod::{closure:Illuminate/Container/BoundMethod::call():35}()
#17 C:/Users/bulan/OneDrive - UTHM/SEM 2/INTEGRATED SYSTEM/TarbiahSentap/Tarbiah-Sentap/vendor/laravel/framework/src/Illuminate/Container/BoundMethod.php(96): Illuminate/Container/Util::unwrapIfClosure(Object(Closure))
#18 C:/Users/bulan/OneDrive - UTHM/SEM 2/INTEGRATED SYSTEM/TarbiahSentap/Tarbiah-Sentap/vendor/laravel/framework/src/Illuminate/Container/BoundMethod.php(35): Illuminate/Container/BoundMethod::callBoundMethod(Object(Illuminate/Foundation/Application), Array, Object(Closure))
#19 C:/Users/bulan/OneDrive - UTHM/SEM 2/INTEGRATED SYSTEM/TarbiahSentap/Tarbiah-Sentap/vendor/laravel/framework/src/Illuminate/Container/Container.php(799): Illuminate/Container/BoundMethod::call(Object(Illuminate/Foundation/Application), Array, Array, NULL)
#20 C:/Users/bulan/OneDrive - UTHM/SEM 2/INTEGRATED SYSTEM/TarbiahSentap/Tarbiah-Sentap/vendor/laravel/framework/src/Illuminate/Console/Command.php(280): Illuminate/Container/Container->call(Array)
#21 C:/Users/bulan/OneDrive - UTHM/SEM 2/INTEGRATED SYSTEM/TarbiahSentap/Tarbiah-Sentap/vendor/symfony/console/Command/Command.php(291): Illuminate/Console/Command->execute(Object(Symfony/Component/Console/Input/ArgvInput), Object(Laravel/Pao/Laravel/PaoOutputStyle))
#22 C:/Users/bulan/OneDrive - UTHM/SEM 2/INTEGRATED SYSTEM/TarbiahSentap/Tarbiah-Sentap/vendor/laravel/framework/src/Illuminate/Console/Command.php(249): Symfony/Component/Console/Command/Command->run(Object(Symfony/Component/Console/Input/ArgvInput), Object(Laravel/Pao/Laravel/PaoOutputStyle))
#23 C:/Users/bulan/OneDrive - UTHM/SEM 2/INTEGRATED SYSTEM/TarbiahSentap/Tarbiah-Sentap/vendor/symfony/console/Application.php(1107): Illuminate/Console/Command->run(Object(Symfony/Component/Console/Input/ArgvInput), Object(Symfony/Component/Console/Output/ConsoleOutput))
#24 C:/Users/bulan/OneDrive - UTHM/SEM 2/INTEGRATED SYSTEM/TarbiahSentap/Tarbiah-Sentap/vendor/symfony/console/Application.php(356): Symfony/Component/Console/Application->doRunCommand(Object(Illuminate/Database/Console/Migrations/MigrateCommand), Object(Symfony/Component/Console/Input/ArgvInput), Object(Symfony/Component/Console/Output/ConsoleOutput))
#25 C:/Users/bulan/OneDrive - UTHM/SEM 2/INTEGRATED SYSTEM/TarbiahSentap/Tarbiah-Sentap/vendor/symfony/console/Application.php(195): Symfony/Component/Console/Application->doRun(Object(Symfony/Component/Console/Input/ArgvInput), Object(Symfony/Component/Console/Output/ConsoleOutput))
#26 C:/Users/bulan/OneDrive - UTHM/SEM 2/INTEGRATED SYSTEM/TarbiahSentap/Tarbiah-Sentap/vendor/laravel/framework/src/Illuminate/Foundation/Console/Kernel.php(198): Symfony/Component/Console/Application->run(Object(Symfony/Component/Console/Input/ArgvInput), Object(Symfony/Component/Console/Output/ConsoleOutput))
#27 C:/Users/bulan/OneDrive - UTHM/SEM 2/INTEGRATED SYSTEM/TarbiahSentap/Tarbiah-Sentap/vendor/laravel/framework/src/Illuminate/Foundation/Application.php(1235): Illuminate/Foundation/Console/Kernel->handle(Object(Symfony/Component/Console/Input/ArgvInput), Object(Symfony/Component/Console/Output/ConsoleOutput))
#28 C:/Users/bulan/OneDrive - UTHM/SEM 2/INTEGRATED SYSTEM/TarbiahSentap/Tarbiah-Sentap/artisan(16): Illuminate/Foundation/Application->handleCommand(Object(Symfony/Component/Console/Input/ArgvInput))
#29 {main}

[previous exception] [object] (PDOException(code: 0): could not find driver at C:/Users/bulan/OneDrive - UTHM/SEM 2/INTEGRATED SYSTEM/TarbiahSentap/Tarbiah-Sentap/vendor/laravel/framework/src/Illuminate/Database/Connectors/Connector.php:67)
[stacktrace]
#0 C:/Users/bulan/OneDrive - UTHM/SEM 2/INTEGRATED SYSTEM/TarbiahSentap/Tarbiah-Sentap/vendor/laravel/framework/src/Illuminate/Database/Connectors/Connector.php(67): PDO::connect('sqlite:C://Users...', NULL, Object(SensitiveParameterValue), Array)
#1 C:/Users/bulan/OneDrive - UTHM/SEM 2/INTEGRATED SYSTEM/TarbiahSentap/Tarbiah-Sentap/vendor/laravel/framework/src/Illuminate/Database/Connectors/Connector.php(44): Illuminate/Database/Connectors/Connector->createPdoConnection('sqlite:C://Users...', NULL, Object(SensitiveParameterValue), Array)
#2 C:/Users/bulan/OneDrive - UTHM/SEM 2/INTEGRATED SYSTEM/TarbiahSentap/Tarbiah-Sentap/vendor/laravel/framework/src/Illuminate/Database/Connectors/SQLiteConnector.php(21): Illuminate/Database/Connectors/Connector->createConnection('sqlite:C://Users...', Array, Array)
#3 C:/Users/bulan/OneDrive - UTHM/SEM 2/INTEGRATED SYSTEM/TarbiahSentap/Tarbiah-Sentap/vendor/laravel/framework/src/Illuminate/Database/Connectors/ConnectionFactory.php(227): Illuminate/Database/Connectors/SQLiteConnector->connect(Array)
#4 [internal function]: Illuminate/Database/Connectors/ConnectionFactory->{closure:Illuminate/Database/Connectors/ConnectionFactory::createPdoResolverWithoutHosts():227}()
#5 C:/Users/bulan/OneDrive - UTHM/SEM 2/INTEGRATED SYSTEM/TarbiahSentap/Tarbiah-Sentap/vendor/laravel/framework/src/Illuminate/Database/Connection.php(1279): call_user_func(Object(Closure))
#6 C:/Users/bulan/OneDrive - UTHM/SEM 2/INTEGRATED SYSTEM/TarbiahSentap/Tarbiah-Sentap/vendor/laravel/framework/src/Illuminate/Database/Connection.php(1317): Illuminate/Database/Connection->getPdo()
#7 C:/Users/bulan/OneDrive - UTHM/SEM 2/INTEGRATED SYSTEM/TarbiahSentap/Tarbiah-Sentap/vendor/laravel/framework/src/Illuminate/Database/Connection.php(528): Illuminate/Database/Connection->getReadPdo()
#8 C:/Users/bulan/OneDrive - UTHM/SEM 2/INTEGRATED SYSTEM/TarbiahSentap/Tarbiah-Sentap/vendor/laravel/framework/src/Illuminate/Database/Connection.php(421): Illuminate/Database/Connection->getPdoForSelect(true)
#9 C:/Users/bulan/OneDrive - UTHM/SEM 2/INTEGRATED SYSTEM/TarbiahSentap/Tarbiah-Sentap/vendor/laravel/framework/src/Illuminate/Database/Connection.php(830): Illuminate/Database/Connection->{closure:Illuminate/Database/Connection::select():412}('select exists (...', Array)
#10 C:/Users/bulan/OneDrive - UTHM/SEM 2/INTEGRATED SYSTEM/TarbiahSentap/Tarbiah-Sentap/vendor/laravel/framework/src/Illuminate/Database/Connection.php(797): Illuminate/Database/Connection->runQueryCallback('select exists (...', Array, Object(Closure))
#11 C:/Users/bulan/OneDrive - UTHM/SEM 2/INTEGRATED SYSTEM/TarbiahSentap/Tarbiah-Sentap/vendor/laravel/framework/src/Illuminate/Database/Connection.php(412): Illuminate/Database/Connection->run('select exists (...', Array, Object(Closure))
#12 C:/Users/bulan/OneDrive - UTHM/SEM 2/INTEGRATED SYSTEM/TarbiahSentap/Tarbiah-Sentap/vendor/laravel/framework/src/Illuminate/Database/Connection.php(357): Illuminate/Database/Connection->select('select exists (...', Array, true)
#13 C:/Users/bulan/OneDrive - UTHM/SEM 2/INTEGRATED SYSTEM/TarbiahSentap/Tarbiah-Sentap/vendor/laravel/framework/src/Illuminate/Database/Connection.php(374): Illuminate/Database/Connection->selectOne('select exists (...', Array, true)
#14 C:/Users/bulan/OneDrive - UTHM/SEM 2/INTEGRATED SYSTEM/TarbiahSentap/Tarbiah-Sentap/vendor/laravel/framework/src/Illuminate/Database/Schema/Builder.php(176): Illuminate/Database/Connection->scalar('select exists (...')
#15 C:/Users/bulan/OneDrive - UTHM/SEM 2/INTEGRATED SYSTEM/TarbiahSentap/Tarbiah-Sentap/vendor/laravel/framework/src/Illuminate/Database/Migrations/DatabaseMigrationRepository.php(185): Illuminate/Database/Schema/Builder->hasTable('migrations')
#16 C:/Users/bulan/OneDrive - UTHM/SEM 2/INTEGRATED SYSTEM/TarbiahSentap/Tarbiah-Sentap/vendor/laravel/framework/src/Illuminate/Database/Migrations/Migrator.php(758): Illuminate/Database/Migrations/DatabaseMigrationRepository->repositoryExists()
#17 C:/Users/bulan/OneDrive - UTHM/SEM 2/INTEGRATED SYSTEM/TarbiahSentap/Tarbiah-Sentap/vendor/laravel/framework/src/Illuminate/Database/Console/Migrations/MigrateCommand.php(166): Illuminate/Database/Migrations/Migrator->repositoryExists()
#18 C:/Users/bulan/OneDrive - UTHM/SEM 2/INTEGRATED SYSTEM/TarbiahSentap/Tarbiah-Sentap/vendor/laravel/framework/src/Illuminate/Support/helpers.php(328): Illuminate/Database/Console/Migrations/MigrateCommand->{closure:Illuminate/Database/Console/Migrations/MigrateCommand::repositoryExists():166}(1)
#19 C:/Users/bulan/OneDrive - UTHM/SEM 2/INTEGRATED SYSTEM/TarbiahSentap/Tarbiah-Sentap/vendor/laravel/framework/src/Illuminate/Database/Console/Migrations/MigrateCommand.php(166): retry(1, Object(Closure), 0, Object(Closure))
#20 C:/Users/bulan/OneDrive - UTHM/SEM 2/INTEGRATED SYSTEM/TarbiahSentap/Tarbiah-Sentap/vendor/laravel/framework/src/Illuminate/Database/Console/Migrations/MigrateCommand.php(142): Illuminate/Database/Console/Migrations/MigrateCommand->repositoryExists()
#21 C:/Users/bulan/OneDrive - UTHM/SEM 2/INTEGRATED SYSTEM/TarbiahSentap/Tarbiah-Sentap/vendor/laravel/framework/src/Illuminate/Database/Console/Migrations/MigrateCommand.php(112): Illuminate/Database/Console/Migrations/MigrateCommand->prepareDatabase()
#22 C:/Users/bulan/OneDrive - UTHM/SEM 2/INTEGRATED SYSTEM/TarbiahSentap/Tarbiah-Sentap/vendor/laravel/framework/src/Illuminate/Database/Migrations/Migrator.php(671): Illuminate/Database/Console/Migrations/MigrateCommand->{closure:Illuminate/Database/Console/Migrations/MigrateCommand::runMigrations():111}()
#23 C:/Users/bulan/OneDrive - UTHM/SEM 2/INTEGRATED SYSTEM/TarbiahSentap/Tarbiah-Sentap/vendor/laravel/framework/src/Illuminate/Database/Console/Migrations/MigrateCommand.php(111): Illuminate/Database/Migrations/Migrator->usingConnection(NULL, Object(Closure))
#24 C:/Users/bulan/OneDrive - UTHM/SEM 2/INTEGRATED SYSTEM/TarbiahSentap/Tarbiah-Sentap/vendor/laravel/framework/src/Illuminate/Database/Console/Migrations/MigrateCommand.php(90): Illuminate/Database/Console/Migrations/MigrateCommand->runMigrations()
#25 C:/Users/bulan/OneDrive - UTHM/SEM 2/INTEGRATED SYSTEM/TarbiahSentap/Tarbiah-Sentap/vendor/laravel/framework/src/Illuminate/Container/BoundMethod.php(36): Illuminate/Database/Console/Migrations/MigrateCommand->handle()
#26 C:/Users/bulan/OneDrive - UTHM/SEM 2/INTEGRATED SYSTEM/TarbiahSentap/Tarbiah-Sentap/vendor/laravel/framework/src/Illuminate/Container/Util.php(43): Illuminate/Container/BoundMethod::{closure:Illuminate/Container/BoundMethod::call():35}()
#27 C:/Users/bulan/OneDrive - UTHM/SEM 2/INTEGRATED SYSTEM/TarbiahSentap/Tarbiah-Sentap/vendor/laravel/framework/src/Illuminate/Container/BoundMethod.php(96): Illuminate/Container/Util::unwrapIfClosure(Object(Closure))
#28 C:/Users/bulan/OneDrive - UTHM/SEM 2/INTEGRATED SYSTEM/TarbiahSentap/Tarbiah-Sentap/vendor/laravel/framework/src/Illuminate/Container/BoundMethod.php(35): Illuminate/Container/BoundMethod::callBoundMethod(Object(Illuminate/Foundation/Application), Array, Object(Closure))
#29 C:/Users/bulan/OneDrive - UTHM/SEM 2/INTEGRATED SYSTEM/TarbiahSentap/Tarbiah-Sentap/vendor/laravel/framework/src/Illuminate/Container/Container.php(799): Illuminate/Container/BoundMethod::call(Object(Illuminate/Foundation/Application), Array, Array, NULL)
#30 C:/Users/bulan/OneDrive - UTHM/SEM 2/INTEGRATED SYSTEM/TarbiahSentap/Tarbiah-Sentap/vendor/laravel/framework/src/Illuminate/Console/Command.php(280): Illuminate/Container/Container->call(Array)
#31 C:/Users/bulan/OneDrive - UTHM/SEM 2/INTEGRATED SYSTEM/TarbiahSentap/Tarbiah-Sentap/vendor/symfony/console/Command/Command.php(291): Illuminate/Console/Command->execute(Object(Symfony/Component/Console/Input/ArgvInput), Object(Laravel/Pao/Laravel/PaoOutputStyle))
#32 C:/Users/bulan/OneDrive - UTHM/SEM 2/INTEGRATED SYSTEM/TarbiahSentap/Tarbiah-Sentap/vendor/laravel/framework/src/Illuminate/Console/Command.php(249): Symfony/Component/Console/Command/Command->run(Object(Symfony/Component/Console/Input/ArgvInput), Object(Laravel/Pao/Laravel/PaoOutputStyle))
#33 C:/Users/bulan/OneDrive - UTHM/SEM 2/INTEGRATED SYSTEM/TarbiahSentap/Tarbiah-Sentap/vendor/symfony/console/Application.php(1107): Illuminate/Console/Command->run(Object(Symfony/Component/Console/Input/ArgvInput), Object(Symfony/Component/Console/Output/ConsoleOutput))
#34 C:/Users/bulan/OneDrive - UTHM/SEM 2/INTEGRATED SYSTEM/TarbiahSentap/Tarbiah-Sentap/vendor/symfony/console/Application.php(356): Symfony/Component/Console/Application->doRunCommand(Object(Illuminate/Database/Console/Migrations/MigrateCommand), Object(Symfony/Component/Console/Input/ArgvInput), Object(Symfony/Component/Console/Output/ConsoleOutput))
#35 C:/Users/bulan/OneDrive - UTHM/SEM 2/INTEGRATED SYSTEM/TarbiahSentap/Tarbiah-Sentap/vendor/symfony/console/Application.php(195): Symfony/Component/Console/Application->doRun(Object(Symfony/Component/Console/Input/ArgvInput), Object(Symfony/Component/Console/Output/ConsoleOutput))
#36 C:/Users/bulan/OneDrive - UTHM/SEM 2/INTEGRATED SYSTEM/TarbiahSentap/Tarbiah-Sentap/vendor/laravel/framework/src/Illuminate/Foundation/Console/Kernel.php(198): Symfony/Component/Console/Application->run(Object(Symfony/Component/Console/Input/ArgvInput), Object(Symfony/Component/Console/Output/ConsoleOutput))
#37 C:/Users/bulan/OneDrive - UTHM/SEM 2/INTEGRATED SYSTEM/TarbiahSentap/Tarbiah-Sentap/vendor/laravel/framework/src/Illuminate/Foundation/Application.php(1235): Illuminate/Foundation/Console/Kernel->handle(Object(Symfony/Component/Console/Input/ArgvInput), Object(Symfony/Component/Console/Output/ConsoleOutput))
#38 C:/Users/bulan/OneDrive - UTHM/SEM 2/INTEGRATED SYSTEM/TarbiahSentap/Tarbiah-Sentap/artisan(16): Illuminate/Foundation/Application->handleCommand(Object(Symfony/Component/Console/Input/ArgvInput))
#39 {main}
"} 
[2026-05-27 13:30:34] local.ERROR: Maximum execution time of 30 seconds exceeded {"exception":"[object] (Symfony\\Component\\ErrorHandler\\Error\\FatalError(code: 0): Maximum execution time of 30 seconds exceeded at C:/Users/bulan/OneDrive - UTHM/SEM 2/INTEGRATED SYSTEM/TarbiahSentap/Tarbiah-Sentap/vendor/laravel/framework/src/Illuminate/Database/Connection.php:612)
[stacktrace]
#0 {main}
"} 
[2026-05-27 13:37:29] local.ERROR: Maximum execution time of 30 seconds exceeded {"exception":"[object] (Symfony\\Component\\ErrorHandler\\Error\\FatalError(code: 0): Maximum execution time of 30 seconds exceeded at C:/Users/bulan/OneDrive - UTHM/SEM 2/INTEGRATED SYSTEM/TarbiahSentap/Tarbiah-Sentap/vendor/laravel/framework/src/Illuminate/Database/Connection.php:587)
[stacktrace]
#0 {main}
"} 
[2026-05-27 13:38:36] local.ERROR: Maximum execution time of 30 seconds exceeded {"exception":"[object] (Symfony\\Component\\ErrorHandler\\Error\\FatalError(code: 0): Maximum execution time of 30 seconds exceeded at C:/Users/bulan/OneDrive - UTHM/SEM 2/INTEGRATED SYSTEM/TarbiahSentap/Tarbiah-Sentap/vendor/laravel/framework/src/Illuminate/Database/Connection.php:612)
[stacktrace]
#0 {main}
"} 
[2026-05-27 13:39:53] local.ERROR: Maximum execution time of 30 seconds exceeded {"exception":"[object] (Symfony\\Component\\ErrorHandler\\Error\\FatalError(code: 0): Maximum execution time of 30 seconds exceeded at C:/Users/bulan/OneDrive - UTHM/SEM 2/INTEGRATED SYSTEM/TarbiahSentap/Tarbiah-Sentap/vendor/laravel/framework/src/Illuminate/Database/Connection.php:612)
[stacktrace]
#0 {main}
"} 
[2026-05-27 13:40:26] local.ERROR: Maximum execution time of 30 seconds exceeded {"exception":"[object] (Symfony\\Component\\ErrorHandler\\Error\\FatalError(code: 0): Maximum execution time of 30 seconds exceeded at C:/Users/bulan/OneDrive - UTHM/SEM 2/INTEGRATED SYSTEM/TarbiahSentap/Tarbiah-Sentap/vendor/laravel/framework/src/Illuminate/Database/Connection.php:612)
[stacktrace]
#0 {main}
"} 
[2026-05-27 13:47:00] local.DEBUG: From: Laravel <hello@example.com>
To: aimansuhaimi124@gmail.com
Subject: Activate Your Tarbiah Sentap Account
MIME-Version: 1.0
Date: Wed, 27 May 2026 13:47:00 +0000
Message-ID: <7e8df55ed95b6567ebd65eec8ae76dff@example.com>
Content-Type: text/html; charset=utf-8
Content-Transfer-Encoding: quoted-printable


        <div style="font-family: Arial, sans-serif; max-width: 600px; margin: auto; padding: 20px; border: 1px solid #e8e8e8; border-radius: 8px; background-color: #0c0d0e; color: #ffffff;">
            <h2 style="color: #D4AF37; text-align: center; border-bottom: 2px solid #D4AF37; padding-bottom: 10px;">Tarbiah Sentap Security</h2>
            <p>Dear aiman suhaimi,</p>
            <p>Thank you for registering on our secure e-commerce platform. To complete your registration and activate your account, please click the button below:</p>
            <div style="text-align: center; margin: 30px 0;">
                <a href="http://127.0.0.1:8000/api/auth/activate/5/6f94f559aa5ab9bb65dd614444c74963fef5780c?expires=1779893219&signature=a1999de35855f11c38448c6672a5e52b9ae2f12957dd1ba2b8bb639033866605" style="background: linear-gradient(135deg, #D4AF37 0%, #AA7C11 100%); color: #000000; padding: 12px 30px; text-decoration: none; border-radius: 6px; font-weight: bold; font-size: 16px; display: inline-block;">Activate Account</a>
            </div>
            <p style="font-size: 12px; color: #a0a0a0;">This activation link is signed and will expire shortly. If you did not sign up for this account, please ignore this email.</p>
            <hr style="border-color: #222222; margin-top: 30px;">
            <p style="font-size: 10px; color: #666666; text-align: center;">Secure-by-Design Integrated System Framework &copy; 2026</p>
        </div>
          
[2026-06-04 15:14:01] local.ERROR: 🔥 Supabase setUserClaims failed: cURL error 28: Connection timed out after 10002 milliseconds (see https://curl.haxx.se/libcurl/c/libcurl-errors.html) for https://iuyqnqwvpsrzsrdcccoh.supabase.co/auth/v1/admin/users/e9ec9c3f-89f4-4aab-b85d-6f4faad85daf  
